
                  oo
                 oooo
                oooooo
               oooooooo
              oooooooooo
             oooooooooooo
           ooooooo  ooooooo
          oooooo     ooooooo
         oooooo       ooooooo
        oooooo   o  o   oooooo
       oooooo   oo  oo   oooooo
     ooooooo  oooo  oooo  ooooooo
    oooooo   ooooo  ooooo  ooooooo
   oooooo   oooooo  oooooo  ooooooo
  oooooooo      oo  oo      oooooooo
  ooooooooooooo oo  oo ooooooooooooo
      oooooooooooo  oooooooooooo
          oooooooo  oooooooo
              oooo  oooo

     ________ ____  _  _____ _   _
    |__  /_ _|  _ \| |/ /_ _| \ | |
      / / | || |_) | ' / | ||  \| |
     / /_ | ||  __/| . \ | || |\  |
    |____|___|_|   |_|\_\___|_| \_|

:: version 3.6.0-SNAPSHOT :: commit e938f24 ::

2026-05-23T14:43:35.218+03:00  WARN [/] 19196 --- [           main] i.m.p.PrometheusMeterRegistry            : A MeterFilter is being configured after a Meter has been registered to this registry. All MeterFilters should be configured before any Meters are registered. If that is not possible or you have a use case where it should be allowed, let the Micrometer maintainers know at https://github.com/micrometer-metrics/micrometer/issues/4920. Enable DEBUG level logging on this logger to see a stack trace of the call configuring this MeterFilter.
2026-05-23T14:43:35.374+03:00  INFO [/] 19196 --- [oss-http-*:9411] c.l.a.s.Server                           : Serving HTTP at /[0:0:0:0:0:0:0:0]:9411 - http://127.0.0.1:9411/
2026-05-23T14:43:38.592+03:00  INFO [/] 19196 --- [cking-tasks-1-1] c.z.h.p.HikariPool                       : HikariPool-1 - Added connection org.mariadb.jdbc.Connection@41e64700
2026-05-23T14:43:39.033+03:00  INFO [/] 19196 --- [cking-tasks-1-1] o.j.Constants                            : 

jOOQ tip of the day: A Condition can be turned into a Field<Boolean> using DSL.field(Condition) for use in SELECT, GROUP BY, ORDER BY, etc.: https://www.jooq.org/doc/latest/manual/sql-building/conditional-expressions/boolean-column/ (though it might not be necessary: https://blog.jooq.org/a-condition-is-a-field/)

2026-05-23T14:43:39.059+03:00  INFO [/] 19196 --- [cking-tasks-1-1] o.j.i.D.logVersionSupport                : Version                  : Database version is supported by dialect MYSQL: 8.4.9
2026-05-23T14:47:31.562+03:00  WARN [/] 19196 --- [nMySQLStorage-1] c.z.h.p.ProxyConnection                  : HikariPool-1 - Connection org.mariadb.jdbc.Connection@1bde58e7 marked as broken because of SQLSTATE(08000), ErrorCode(1220)

java.sql.BatchUpdateException: (conn=11) Connection is closed
	at org.mariadb.jdbc.export.ExceptionFactory.createBatchUpdate(ExceptionFactory.java:221) ~[mariadb-java-client-3.5.3.jar!/:?]
	at org.mariadb.jdbc.client.impl.StandardClient.executePipeline(StandardClient.java:1129) ~[mariadb-java-client-3.5.3.jar!/:?]
	at org.mariadb.jdbc.Statement.executeInternalBatchPipeline(Statement.java:1604) ~[mariadb-java-client-3.5.3.jar!/:?]
	at org.mariadb.jdbc.Statement.executeBatch(Statement.java:742) ~[mariadb-java-client-3.5.3.jar!/:?]
	at com.zaxxer.hikari.pool.ProxyStatement.executeBatch(ProxyStatement.java:128) ~[HikariCP-6.2.1.jar!/:?]
	at com.zaxxer.hikari.pool.HikariProxyStatement.executeBatch(HikariProxyStatement.java) ~[HikariCP-6.2.1.jar!/:?]
	at org.jooq.tools.jdbc.DefaultStatement.executeBatch(DefaultStatement.java:122) ~[jooq-3.19.18.jar!/:?]
	at org.jooq.tools.jdbc.DefaultStatement.executeBatch(DefaultStatement.java:122) ~[jooq-3.19.18.jar!/:?]
	at org.jooq.impl.BatchMultiple.execute(BatchMultiple.java:141) ~[jooq-3.19.18.jar!/:?]
	at org.jooq.impl.BatchMultiple.lambda$execute$1(BatchMultiple.java:95) ~[jooq-3.19.18.jar!/:?]
	at java.base/java.util.stream.ReferencePipeline$3$1.accept(ReferencePipeline.java:197) ~[?:?]
	at java.base/java.util.Spliterators$ArraySpliterator.forEachRemaining(Spliterators.java:1024) ~[?:?]
	at java.base/java.util.stream.AbstractPipeline.copyInto(AbstractPipeline.java:509) ~[?:?]
	at java.base/java.util.stream.AbstractPipeline.wrapAndCopyInto(AbstractPipeline.java:499) ~[?:?]
	at java.base/java.util.stream.AbstractPipeline.evaluate(AbstractPipeline.java:575) ~[?:?]
	at java.base/java.util.stream.AbstractPipeline.evaluateToArrayNode(AbstractPipeline.java:260) ~[?:?]
	at java.base/java.util.stream.IntPipeline.toArray(IntPipeline.java:562) ~[?:?]
	at org.jooq.impl.BatchMultiple.execute(BatchMultiple.java:97) ~[jooq-3.19.18.jar!/:?]
	at zipkin2.storage.mysql.v1.MySQLSpanConsumer$BatchInsertSpans.apply(MySQLSpanConsumer.java:157) ~[zipkin-storage-mysql-v1-3.6.0-SNAPSHOT.jar!/:?]
	at zipkin2.storage.mysql.v1.MySQLSpanConsumer$BatchInsertSpans.apply(MySQLSpanConsumer.java:49) ~[zipkin-storage-mysql-v1-3.6.0-SNAPSHOT.jar!/:?]
	at zipkin2.storage.mysql.v1.DataSourceCall.doExecute(DataSourceCall.java:48) ~[zipkin-storage-mysql-v1-3.6.0-SNAPSHOT.jar!/:?]
	at zipkin2.storage.mysql.v1.DataSourceCall$1CallbackRunnable.run(DataSourceCall.java:60) ~[zipkin-storage-mysql-v1-3.6.0-SNAPSHOT.jar!/:?]
	at java.base/java.util.concurrent.ThreadPoolExecutor.runWorker(ThreadPoolExecutor.java:1144) ~[?:?]
	at java.base/java.util.concurrent.ThreadPoolExecutor$Worker.run(ThreadPoolExecutor.java:642) ~[?:?]
	at java.base/java.lang.Thread.run(Thread.java:1583) [?:?]
Caused by: java.sql.SQLNonTransientConnectionException: (conn=11) Connection is closed
	at org.mariadb.jdbc.export.ExceptionFactory.createException(ExceptionFactory.java:300) ~[mariadb-java-client-3.5.3.jar!/:?]
	at org.mariadb.jdbc.export.ExceptionFactory.create(ExceptionFactory.java:378) ~[mariadb-java-client-3.5.3.jar!/:?]
	at org.mariadb.jdbc.client.impl.StandardClient.checkNotClosed(StandardClient.java:1404) ~[mariadb-java-client-3.5.3.jar!/:?]
	at org.mariadb.jdbc.client.impl.StandardClient.readResponse(StandardClient.java:1216) ~[mariadb-java-client-3.5.3.jar!/:?]
	at org.mariadb.jdbc.client.impl.StandardClient.executePipeline(StandardClient.java:1062) ~[mariadb-java-client-3.5.3.jar!/:?]
	... 23 more

